Archive member included to satisfy reference by file (symbol)

d:/tools/mounriverstudio/mounriver_studio/toolchain/risc-v embedded gcc/bin/../lib/gcc/riscv-none-embed/8.2.0/rv32imacxw/ilp32\libgcc.a(save-restore.o)
                              ./User/main.o (__riscv_save_8)
d:/tools/mounriverstudio/mounriver_studio/toolchain/risc-v embedded gcc/bin/../lib/gcc/riscv-none-embed/8.2.0/../../../../riscv-none-embed/lib/rv32imacxw/ilp32\libg_nano.a(lib_a-printf.o)
                              ./User/main.o (printf)
d:/tools/mounriverstudio/mounriver_studio/toolchain/risc-v embedded gcc/bin/../lib/gcc/riscv-none-embed/8.2.0/../../../../riscv-none-embed/lib/rv32imacxw/ilp32\libg_nano.a(lib_a-puts.o)
                              ./User/main.o (puts)
d:/tools/mounriverstudio/mounriver_studio/toolchain/risc-v embedded gcc/bin/../lib/gcc/riscv-none-embed/8.2.0/../../../../riscv-none-embed/lib/rv32imacxw/ilp32\libg_nano.a(lib_a-wbuf.o)
                              d:/tools/mounriverstudio/mounriver_studio/toolchain/risc-v embedded gcc/bin/../lib/gcc/riscv-none-embed/8.2.0/../../../../riscv-none-embed/lib/rv32imacxw/ilp32\libg_nano.a(lib_a-puts.o) (__swbuf_r)
d:/tools/mounriverstudio/mounriver_studio/toolchain/risc-v embedded gcc/bin/../lib/gcc/riscv-none-embed/8.2.0/../../../../riscv-none-embed/lib/rv32imacxw/ilp32\libg_nano.a(lib_a-wsetup.o)
                              d:/tools/mounriverstudio/mounriver_studio/toolchain/risc-v embedded gcc/bin/../lib/gcc/riscv-none-embed/8.2.0/../../../../riscv-none-embed/lib/rv32imacxw/ilp32\libg_nano.a(lib_a-puts.o) (__swsetup_r)
d:/tools/mounriverstudio/mounriver_studio/toolchain/risc-v embedded gcc/bin/../lib/gcc/riscv-none-embed/8.2.0/../../../../riscv-none-embed/lib/rv32imacxw/ilp32\libg_nano.a(lib_a-fflush.o)
                              d:/tools/mounriverstudio/mounriver_studio/toolchain/risc-v embedded gcc/bin/../lib/gcc/riscv-none-embed/8.2.0/../../../../riscv-none-embed/lib/rv32imacxw/ilp32\libg_nano.a(lib_a-wbuf.o) (_fflush_r)
d:/tools/mounriverstudio/mounriver_studio/toolchain/risc-v embedded gcc/bin/../lib/gcc/riscv-none-embed/8.2.0/../../../../riscv-none-embed/lib/rv32imacxw/ilp32\libg_nano.a(lib_a-findfp.o)
                              d:/tools/mounriverstudio/mounriver_studio/toolchain/risc-v embedded gcc/bin/../lib/gcc/riscv-none-embed/8.2.0/../../../../riscv-none-embed/lib/rv32imacxw/ilp32\libg_nano.a(lib_a-printf.o) (__sinit)
d:/tools/mounriverstudio/mounriver_studio/toolchain/risc-v embedded gcc/bin/../lib/gcc/riscv-none-embed/8.2.0/../../../../riscv-none-embed/lib/rv32imacxw/ilp32\libg_nano.a(lib_a-fwalk.o)
                              d:/tools/mounriverstudio/mounriver_studio/toolchain/risc-v embedded gcc/bin/../lib/gcc/riscv-none-embed/8.2.0/../../../../riscv-none-embed/lib/rv32imacxw/ilp32\libg_nano.a(lib_a-findfp.o) (_fwalk)
d:/tools/mounriverstudio/mounriver_studio/toolchain/risc-v embedded gcc/bin/../lib/gcc/riscv-none-embed/8.2.0/../../../../riscv-none-embed/lib/rv32imacxw/ilp32\libg_nano.a(lib_a-impure.o)
                              d:/tools/mounriverstudio/mounriver_studio/toolchain/risc-v embedded gcc/bin/../lib/gcc/riscv-none-embed/8.2.0/../../../../riscv-none-embed/lib/rv32imacxw/ilp32\libg_nano.a(lib_a-fflush.o) (_global_impure_ptr)
d:/tools/mounriverstudio/mounriver_studio/toolchain/risc-v embedded gcc/bin/../lib/gcc/riscv-none-embed/8.2.0/../../../../riscv-none-embed/lib/rv32imacxw/ilp32\libg_nano.a(lib_a-makebuf.o)
                              d:/tools/mounriverstudio/mounriver_studio/toolchain/risc-v embedded gcc/bin/../lib/gcc/riscv-none-embed/8.2.0/../../../../riscv-none-embed/lib/rv32imacxw/ilp32\libg_nano.a(lib_a-wsetup.o) (__smakebuf_r)
d:/tools/mounriverstudio/mounriver_studio/toolchain/risc-v embedded gcc/bin/../lib/gcc/riscv-none-embed/8.2.0/../../../../riscv-none-embed/lib/rv32imacxw/ilp32\libg_nano.a(lib_a-memset.o)
                              d:/tools/mounriverstudio/mounriver_studio/toolchain/risc-v embedded gcc/bin/../lib/gcc/riscv-none-embed/8.2.0/../../../../riscv-none-embed/lib/rv32imacxw/ilp32\libg_nano.a(lib_a-findfp.o) (memset)
d:/tools/mounriverstudio/mounriver_studio/toolchain/risc-v embedded gcc/bin/../lib/gcc/riscv-none-embed/8.2.0/../../../../riscv-none-embed/lib/rv32imacxw/ilp32\libg_nano.a(lib_a-nano-freer.o)
                              d:/tools/mounriverstudio/mounriver_studio/toolchain/risc-v embedded gcc/bin/../lib/gcc/riscv-none-embed/8.2.0/../../../../riscv-none-embed/lib/rv32imacxw/ilp32\libg_nano.a(lib_a-wsetup.o) (_free_r)
d:/tools/mounriverstudio/mounriver_studio/toolchain/risc-v embedded gcc/bin/../lib/gcc/riscv-none-embed/8.2.0/../../../../riscv-none-embed/lib/rv32imacxw/ilp32\libg_nano.a(lib_a-nano-mallocr.o)
                              d:/tools/mounriverstudio/mounriver_studio/toolchain/risc-v embedded gcc/bin/../lib/gcc/riscv-none-embed/8.2.0/../../../../riscv-none-embed/lib/rv32imacxw/ilp32\libg_nano.a(lib_a-findfp.o) (_malloc_r)
[...]
Memory Configuration

Name             Origin             Length             Attributes
FLASH            0x0000000000000000 0x0000000000048000 xr
RAM              0x0000000020000000 0x0000000000008000 xrw
*default*        0x0000000000000000 0xffffffffffffffff

Linker script and memory map

LOAD ./User/ch32v30x_it.o
LOAD ./User/main.o
LOAD ./User/system_ch32v30x.o
LOAD ./Startup/startup_ch32v30x_D8C.o
LOAD ./Peripheral/src/ch32v30x_adc.o
LOAD ./Peripheral/src/ch32v30x_bkp.o
LOAD ./Peripheral/src/ch32v30x_can.o
LOAD ./Peripheral/src/ch32v30x_crc.o
LOAD ./Peripheral/src/ch32v30x_dac.o
LOAD ./Peripheral/src/ch32v30x_dbgmcu.o
LOAD ./Peripheral/src/ch32v30x_dma.o
LOAD ./Peripheral/src/ch32v30x_dvp.o
LOAD ./Peripheral/src/ch32v30x_eth.o
LOAD ./Peripheral/src/ch32v30x_exti.o
LOAD ./Peripheral/src/ch32v30x_flash.o
LOAD ./Peripheral/src/ch32v30x_fsmc.o
LOAD ./Peripheral/src/ch32v30x_gpio.o
LOAD ./Peripheral/src/ch32v30x_i2c.o
LOAD ./Peripheral/src/ch32v30x_iwdg.o
LOAD ./Peripheral/src/ch32v30x_misc.o
LOAD ./Peripheral/src/ch32v30x_opa.o
LOAD ./Peripheral/src/ch32v30x_pwr.o
LOAD ./Peripheral/src/ch32v30x_rcc.o
LOAD ./Peripheral/src/ch32v30x_rng.o
LOAD ./Peripheral/src/ch32v30x_rtc.o
LOAD ./Peripheral/src/ch32v30x_sdio.o
LOAD ./Peripheral/src/ch32v30x_spi.o
LOAD ./Peripheral/src/ch32v30x_tim.o
LOAD ./Peripheral/src/ch32v30x_usart.o
LOAD ./Peripheral/src/ch32v30x_wwdg.o
LOAD ./Debug/debug.o
LOAD ./Core/core_riscv.o
LOAD d:/tools/mounriverstudio/mounriver_studio/toolchain/risc-v embedded gcc/bin/../lib/gcc/riscv-none-embed/8.2.0/../../../../riscv-none-embed/lib/rv32imacxw/ilp32\libm.a
LOAD d:/tools/mounriverstudio/mounriver_studio/toolchain/risc-v embedded gcc/bin/../lib/gcc/riscv-none-embed/8.2.0/rv32imacxw/ilp32\libgcc.a
LOAD d:/tools/mounriverstudio/mounriver_studio/toolchain/risc-v embedded gcc/bin/../lib/gcc/riscv-none-embed/8.2.0/../../../../riscv-none-embed/lib/rv32imacxw/ilp32\libg_nano.a
LOAD d:/tools/mounriverstudio/mounriver_studio/toolchain/risc-v embedded gcc/bin/../lib/gcc/riscv-none-embed/8.2.0/../../../../riscv-none-embed/lib/rv32imacxw/ilp32\libc_nano.a
LOAD d:/tools/mounriverstudio/mounriver_studio/toolchain/risc-v embedded gcc/bin/../lib/gcc/riscv-none-embed/8.2.0/rv32imacxw/ilp32\libgcc.a
START GROUP
LOAD d:/tools/mounriverstudio/mounriver_studio/toolchain/risc-v embedded gcc/bin/../lib/gcc/riscv-none-embed/8.2.0/rv32imacxw/ilp32\libgcc.a
LOAD d:/tools/mounriverstudio/mounriver_studio/toolchain/risc-v embedded gcc/bin/../lib/gcc/riscv-none-embed/8.2.0/../../../../riscv-none-embed/lib/rv32imacxw/ilp32\libc_nano.a
LOAD d:/tools/mounriverstudio/mounriver_studio/toolchain/risc-v embedded gcc/bin/../lib/gcc/riscv-none-embed/8.2.0/../../../../riscv-none-embed/lib/rv32imacxw/ilp32\libnosys.a
END GROUP
START GROUP
LOAD d:/tools/mounriverstudio/mounriver_studio/toolchain/risc-v embedded gcc/bin/../lib/gcc/riscv-none-embed/8.2.0/rv32imacxw/ilp32\libgcc.a
LOAD d:/tools/mounriverstudio/mounriver_studio/toolchain/risc-v embedded gcc/bin/../lib/gcc/riscv-none-embed/8.2.0/../../../../riscv-none-embed/lib/rv32imacxw/ilp32\libc_nano.a
LOAD d:/tools/mounriverstudio/mounriver_studio/toolchain/risc-v embedded gcc/bin/../lib/gcc/riscv-none-embed/8.2.0/../../../../riscv-none-embed/lib/rv32imacxw/ilp32\libnosys.a
END GROUP
                0x0000000000000800                __stack_size = 0x800
                [!provide]                        PROVIDE (_stack_size = __stack_size)

.init           0x0000000000000000       0x38
                0x0000000000000000                _sinit = .
                0x0000000000000000                . = ALIGN (0x4)
 *(SORT_NONE(.init))
 .init          0x0000000000000000       0x38 ./Startup/startup_ch32v30x_D8C.o
                0x0000000000000000                _start
                0x0000000000000038                . = ALIGN (0x4)
                0x0000000000000038                _einit = .

.vector         0x0000000000000038      0x1c8
 *(.vector)
 .vector        0x0000000000000038      0x1a0 ./Startup/startup_ch32v30x_D8C.o
                0x0000000000000200                . = ALIGN (0x40)
 *fill*         0x00000000000001d8       0x28 

.text           0x0000000000000200     0x1d08
                0x0000000000000200                . = ALIGN (0x4)
 *(.text)
 .text          0x0000000000000200       0x60 d:/tools/mounriverstudio/mounriver_studio/toolchain/risc-v embedded gcc/bin/../lib/gcc/riscv-none-embed/8.2.0/rv32imacxw/ilp32\libgcc.a(save-restore.o)
                0x0000000000000200                __riscv_save_12
                0x0000000000000208                __riscv_save_9
                0x0000000000000208                __riscv_save_11
                0x0000000000000208                __riscv_save_10
                0x0000000000000208                __riscv_save_8
                0x0000000000000216                __riscv_save_4
                0x0000000000000216                __riscv_save_6
                0x0000000000000216                __riscv_save_5
                0x0000000000000216                __riscv_save_7
                0x0000000000000230                __riscv_save_3
                0x0000000000000230                __riscv_save_2
                0x0000000000000230                __riscv_save_1
                0x0000000000000230                __riscv_save_0
                0x000000000000023c                __riscv_restore_12
                0x0000000000000240                __riscv_restore_11
                0x0000000000000240                __riscv_restore_9
                0x0000000000000240                __riscv_restore_10
                0x0000000000000240                __riscv_restore_8
                0x000000000000024a                __riscv_restore_5
                0x000000000000024a                __riscv_restore_7
                0x000000000000024a                __riscv_restore_6
                0x000000000000024a                __riscv_restore_4
                0x0000000000000254                __riscv_restore_3
                0x0000000000000254                __riscv_restore_0
                0x0000000000000254                __riscv_restore_2
                0x0000000000000254                __riscv_restore_1
 .text          0x0000000000000260       0xa8 d:/tools/mounriverstudio/mounriver_studio/toolchain/risc-v embedded gcc/bin/../lib/gcc/riscv-none-embed/8.2.0/../../../../riscv-none-embed/lib/rv32imacxw/ilp32\libg_nano.a(lib_a-memset.o)
                0x0000000000000260                memset
 *(.text.*)
 .text.NMI_Handler
                0x0000000000000308        0x4 ./User/ch32v30x_it.o
                0x0000000000000308                NMI_Handler
 .text.HardFault_Handler
                0x000000000000030c        0x2 ./User/ch32v30x_it.o
                0x000000000000030c                HardFault_Handler
 .text.EXTI0_IRQHandler
                0x000000000000030e        0x4 ./User/ch32v30x_it.o
                0x000000000000030e                EXTI0_IRQHandler
 .text.Buffercmp
                0x0000000000000312       0x28 ./User/main.o
                0x0000000000000312                Buffercmp
 .text.USARTx_CFG
                0x000000000000033a       0xb0 ./User/main.o
                0x000000000000033a                USARTx_CFG
 .text.startup.main
                0x00000000000003ea      0x116 ./User/main.o
                0x00000000000003ea                main
 .text.SystemInit
                0x0000000000000500       0xf8 ./User/system_ch32v30x.o
                0x0000000000000500                SystemInit
 .text.SystemCoreClockUpdate
                0x00000000000005f8       0xbe ./User/system_ch32v30x.o
                0x00000000000005f8                SystemCoreClockUpdate
 .text.vector_handler
                0x00000000000006b6       0xbe ./Startup/startup_ch32v30x_D8C.o
                0x00000000000006ba                Ecall_M_Mode_Handler
                0x00000000000006bc                Ecall_U_Mode_Handler
                0x00000000000006be                Break_Point_Handler
                0x00000000000006c0                SysTick_Handler
                0x00000000000006c2                SW_Handler
                0x00000000000006c4                WWDG_IRQHandler
                0x00000000000006c6                PVD_IRQHandler
                0x00000000000006c8                TAMPER_IRQHandler
                0x00000000000006ca                RTC_IRQHandler
                0x00000000000006cc                FLASH_IRQHandler
                0x00000000000006ce                RCC_IRQHandler
                0x00000000000006d2                EXTI1_IRQHandler
                0x00000000000006d4                EXTI2_IRQHandler
                0x00000000000006d6                EXTI3_IRQHandler
                0x00000000000006d8                EXTI4_IRQHandler
                0x00000000000006da                DMA1_Channel1_IRQHandler
                0x00000000000006dc                DMA1_Channel2_IRQHandler
                0x00000000000006de                DMA1_Channel3_IRQHandler
                0x00000000000006e0                DMA1_Channel4_IRQHandler
                0x00000000000006e2                DMA1_Channel5_IRQHandler
                0x00000000000006e4                DMA1_Channel6_IRQHandler
                0x00000000000006e6                DMA1_Channel7_IRQHandler
                0x00000000000006e8                ADC1_2_IRQHandler
                0x00000000000006ea                USB_HP_CAN1_TX_IRQHandler
                0x00000000000006ec                USB_LP_CAN1_RX0_IRQHandler
                0x00000000000006ee                CAN1_RX1_IRQHandler
                0x00000000000006f0                CAN1_SCE_IRQHandler
                0x00000000000006f2                EXTI9_5_IRQHandler
                0x00000000000006f4                TIM1_BRK_IRQHandler
                0x00000000000006f6                TIM1_UP_IRQHandler
                0x00000000000006f8                TIM1_TRG_COM_IRQHandler
                0x00000000000006fa                TIM1_CC_IRQHandler
                0x00000000000006fc                TIM2_IRQHandler
                0x00000000000006fe                TIM3_IRQHandler
                0x0000000000000700                TIM4_IRQHandler
                0x0000000000000702                I2C1_EV_IRQHandler
                0x0000000000000704                I2C1_ER_IRQHandler
                0x0000000000000706                I2C2_EV_IRQHandler
                0x0000000000000708                I2C2_ER_IRQHandler
                0x000000000000070a                SPI1_IRQHandler
                0x000000000000070c                SPI2_IRQHandler
                0x000000000000070e                USART1_IRQHandler
                0x0000000000000710                USART2_IRQHandler
                0x0000000000000712                USART3_IRQHandler
                0x0000000000000714                EXTI15_10_IRQHandler
                0x0000000000000716                RTCAlarm_IRQHandler
                0x0000000000000718                USBWakeUp_IRQHandler
                0x000000000000071a                TIM8_BRK_IRQHandler
                0x000000000000071c                TIM8_UP_IRQHandler
                0x000000000000071e                TIM8_TRG_COM_IRQHandler
                0x0000000000000720                TIM8_CC_IRQHandler
                0x0000000000000722                RNG_IRQHandler
                0x0000000000000724                FSMC_IRQHandler
                0x0000000000000726                SDIO_IRQHandler
                0x0000000000000728                TIM5_IRQHandler
                0x000000000000072a                SPI3_IRQHandler
                0x000000000000072c                UART4_IRQHandler
                0x000000000000072e                UART5_IRQHandler
                0x0000000000000730                TIM6_IRQHandler
                0x0000000000000732                TIM7_IRQHandler
                0x0000000000000734                DMA2_Channel1_IRQHandler
                0x0000000000000736                DMA2_Channel2_IRQHandler
                0x0000000000000738                DMA2_Channel3_IRQHandler
                0x000000000000073a                DMA2_Channel4_IRQHandler
                0x000000000000073c                DMA2_Channel5_IRQHandler
                0x000000000000073e                ETH_IRQHandler
                0x0000000000000740                ETH_WKUP_IRQHandler
                0x0000000000000742                CAN2_TX_IRQHandler
                0x0000000000000744                CAN2_RX0_IRQHandler
                0x0000000000000746                CAN2_RX1_IRQHandler
                0x0000000000000748                CAN2_SCE_IRQHandler
                0x000000000000074a                OTG_FS_IRQHandler
                0x000000000000074c                USBHSWakeup_IRQHandler
                0x000000000000074e                USBHS_IRQHandler
                0x0000000000000750                DVP_IRQHandler
                0x0000000000000752                UART6_IRQHandler
                0x0000000000000754                UART7_IRQHandler
                0x0000000000000756                UART8_IRQHandler
                0x0000000000000758                TIM9_BRK_IRQHandler
                0x000000000000075a                TIM9_UP_IRQHandler
                0x000000000000075c                TIM9_TRG_COM_IRQHandler
                0x000000000000075e                TIM9_CC_IRQHandler
                0x0000000000000760                TIM10_BRK_IRQHandler
                0x0000000000000762                TIM10_UP_IRQHandler
                0x0000000000000764                TIM10_TRG_COM_IRQHandler
                0x0000000000000766                TIM10_CC_IRQHandler
                0x0000000000000768                DMA2_Channel6_IRQHandler
                0x000000000000076a                DMA2_Channel7_IRQHandler
                0x000000000000076c                DMA2_Channel8_IRQHandler
                0x000000000000076e                DMA2_Channel9_IRQHandler
                0x0000000000000770                DMA2_Channel10_IRQHandler
                0x0000000000000772                DMA2_Channel11_IRQHandler
 .text.handle_reset
                0x0000000000000774       0x8a ./Startup/startup_ch32v30x_D8C.o
                0x0000000000000774                handle_reset
 .text.DBGMCU_GetCHIPID
                0x00000000000007fe        0xa ./Peripheral/src/ch32v30x_dbgmcu.o
                0x00000000000007fe                DBGMCU_GetCHIPID
 .text.GPIO_Init
                0x0000000000000808       0xc0 ./Peripheral/src/ch32v30x_gpio.o
                0x0000000000000808                GPIO_Init
 .text.NVIC_PriorityGroupConfig
                0x00000000000008c8        0x6 ./Peripheral/src/ch32v30x_misc.o
                0x00000000000008c8                NVIC_PriorityGroupConfig
 .text.RCC_GetClocksFreq
                0x00000000000008ce      0x176 ./Peripheral/src/ch32v30x_rcc.o
                0x00000000000008ce                RCC_GetClocksFreq
 .text.RCC_APB2PeriphClockCmd
                0x0000000000000a44       0x1e ./Peripheral/src/ch32v30x_rcc.o
                0x0000000000000a44                RCC_APB2PeriphClockCmd
 .text.RCC_APB1PeriphClockCmd
                0x0000000000000a62       0x1e ./Peripheral/src/ch32v30x_rcc.o
                0x0000000000000a62                RCC_APB1PeriphClockCmd
 .text.USART_Init
                0x0000000000000a80       0xba ./Peripheral/src/ch32v30x_usart.o
                0x0000000000000a80                USART_Init
 .text.USART_Cmd
                0x0000000000000b3a       0x16 ./Peripheral/src/ch32v30x_usart.o
                0x0000000000000b3a                USART_Cmd
 .text.USART_SendData
                0x0000000000000b50        0x8 ./Peripheral/src/ch32v30x_usart.o
                0x0000000000000b50                USART_SendData
 .text.USART_ReceiveData
                0x0000000000000b58        0x8 ./Peripheral/src/ch32v30x_usart.o
                0x0000000000000b58                USART_ReceiveData
 .text.USART_GetFlagStatus
                0x0000000000000b60        0xa ./Peripheral/src/ch32v30x_usart.o
                0x0000000000000b60                USART_GetFlagStatus
 .text.Delay_Init
                0x0000000000000b6a       0x2a ./Debug/debug.o
                0x0000000000000b6a                Delay_Init
 .text.USART_Printf_Init
                0x0000000000000b94       0x52 ./Debug/debug.o
                0x0000000000000b94                USART_Printf_Init
 .text._write   0x0000000000000be6       0x3a ./Debug/debug.o
                0x0000000000000be6                _write
 .text._sbrk    0x0000000000000c20       0x26 ./Debug/debug.o
                0x0000000000000c20                _sbrk
 .text.printf   0x0000000000000c46       0x40 d:/tools/mounriverstudio/mounriver_studio/toolchain/risc-v embedded gcc/bin/../lib/gcc/riscv-none-embed/8.2.0/../../../../riscv-none-embed/lib/rv32imacxw/ilp32\libg_nano.a(lib_a-printf.o)
                0x0000000000000c46                iprintf
                0x0000000000000c46                printf
 .text._puts_r  0x0000000000000c86       0xd4 d:/tools/mounriverstudio/mounriver_studio/toolchain/risc-v embedded gcc/bin/../lib/gcc/riscv-none-embed/8.2.0/../../../../riscv-none-embed/lib/rv32imacxw/ilp32\libg_nano.a(lib_a-puts.o)
                0x0000000000000c86                _puts_r
 .text.puts     0x0000000000000d5a        0xa d:/tools/mounriverstudio/mounriver_studio/toolchain/risc-v embedded gcc/bin/../lib/gcc/riscv-none-embed/8.2.0/../../../../riscv-none-embed/lib/rv32imacxw/ilp32\libg_nano.a(lib_a-puts.o)
                0x0000000000000d5a                puts
 .text.__swbuf_r
                0x0000000000000d64       0xbc d:/tools/mounriverstudio/mounriver_studio/toolchain/risc-v embedded gcc/bin/../lib/gcc/riscv-none-embed/8.2.0/../../../../riscv-none-embed/lib/rv32imacxw/ilp32\libg_nano.a(lib_a-wbuf.o)
                0x0000000000000d64                __swbuf_r
 .text.__swsetup_r
                0x0000000000000e20       0xfc d:/tools/mounriverstudio/mounriver_studio/toolchain/risc-v embedded gcc/bin/../lib/gcc/riscv-none-embed/8.2.0/../../../../riscv-none-embed/lib/rv32imacxw/ilp32\libg_nano.a(lib_a-wsetup.o)
                0x0000000000000e20                __swsetup_r
 .text.__sflush_r
                0x0000000000000f1c      0x130 d:/tools/mounriverstudio/mounriver_studio/toolchain/risc-v embedded gcc/bin/../lib/gcc/riscv-none-embed/8.2.0/../../../../riscv-none-embed/lib/rv32imacxw/ilp32\libg_nano.a(lib_a-fflush.o)
                0x0000000000000f1c                __sflush_r
 .text._fflush_r
                0x000000000000104c       0x64 d:/tools/mounriverstudio/mounriver_studio/toolchain/risc-v embedded gcc/bin/../lib/gcc/riscv-none-embed/8.2.0/../../../../riscv-none-embed/lib/rv32imacxw/ilp32\libg_nano.a(lib_a-fflush.o)
                0x000000000000104c                _fflush_r
 .text.std      0x00000000000010b0       0x66 d:/tools/mounriverstudio/mounriver_studio/toolchain/risc-v embedded gcc/bin/../lib/gcc/riscv-none-embed/8.2.0/../../../../riscv-none-embed/lib/rv32imacxw/ilp32\libg_nano.a(lib_a-findfp.o)
 .text._cleanup_r
                0x0000000000001116        0xa d:/tools/mounriverstudio/mounriver_studio/toolchain/risc-v embedded gcc/bin/../lib/gcc/riscv-none-embed/8.2.0/../../../../riscv-none-embed/lib/rv32imacxw/ilp32\libg_nano.a(lib_a-findfp.o)
                0x0000000000001116                _cleanup_r
 .text.__sfmoreglue
                0x0000000000001120       0x46 d:/tools/mounriverstudio/mounriver_studio/toolchain/risc-v embedded gcc/bin/../lib/gcc/riscv-none-embed/8.2.0/../../../../riscv-none-embed/lib/rv32imacxw/ilp32\libg_nano.a(lib_a-findfp.o)
                0x0000000000001120                __sfmoreglue
 .text.__sinit  0x0000000000001166       0x66 d:/tools/mounriverstudio/mounriver_studio/toolchain/risc-v embedded gcc/bin/../lib/gcc/riscv-none-embed/8.2.0/../../../../riscv-none-embed/lib/rv32imacxw/ilp32\libg_nano.a(lib_a-findfp.o)
                0x0000000000001166                __sinit
 .text.__sfp    0x00000000000011cc       0x9c d:/tools/mounriverstudio/mounriver_studio/toolchain/risc-v embedded gcc/bin/../lib/gcc/riscv-none-embed/8.2.0/../../../../riscv-none-embed/lib/rv32imacxw/ilp32\libg_nano.a(lib_a-findfp.o)
                0x00000000000011cc                __sfp
 .text._fwalk_reent
                0x0000000000001268       0x6a d:/tools/mounriverstudio/mounriver_studio/toolchain/risc-v embedded gcc/bin/../lib/gcc/riscv-none-embed/8.2.0/../../../../riscv-none-embed/lib/rv32imacxw/ilp32\libg_nano.a(lib_a-fwalk.o)
                0x0000000000001268                _fwalk_reent
 .text.__swhatbuf_r
                0x00000000000012d2       0x58 d:/tools/mounriverstudio/mounriver_studio/toolchain/risc-v embedded gcc/bin/../lib/gcc/riscv-none-embed/8.2.0/../../../../riscv-none-embed/lib/rv32imacxw/ilp32\libg_nano.a(lib_a-makebuf.o)
                0x00000000000012d2                __swhatbuf_r
 .text.__smakebuf_r
                0x000000000000132a       0x90 d:/tools/mounriverstudio/mounriver_studio/toolchain/risc-v embedded gcc/bin/../lib/gcc/riscv-none-embed/8.2.0/../../../../riscv-none-embed/lib/rv32imacxw/ilp32\libg_nano.a(lib_a-makebuf.o)
                0x000000000000132a                __smakebuf_r
 .text._free_r  0x00000000000013ba       0xa8 d:/tools/mounriverstudio/mounriver_studio/toolchain/risc-v embedded gcc/bin/../lib/gcc/riscv-none-embed/8.2.0/../../../../riscv-none-embed/lib/rv32imacxw/ilp32\libg_nano.a(lib_a-nano-freer.o)
                0x00000000000013ba                _free_r
 .text._malloc_r
                0x0000000000001462       0xd4 d:/tools/mounriverstudio/mounriver_studio/toolchain/risc-v embedded gcc/bin/../lib/gcc/riscv-none-embed/8.2.0/../../../../riscv-none-embed/lib/rv32imacxw/ilp32\libg_nano.a(lib_a-nano-mallocr.o)
                0x0000000000001462                _malloc_r
 .text.__sfputc_r
                0x0000000000001536       0x28 d:/tools/mounriverstudio/mounriver_studio/toolchain/risc-v embedded gcc/bin/../lib/gcc/riscv-none-embed/8.2.0/../../../../riscv-none-embed/lib/rv32imacxw/ilp32\libg_nano.a(lib_a-nano-vfprintf.o)
 .text.__sfputs_r
                0x000000000000155e       0x40 d:/tools/mounriverstudio/mounriver_studio/toolchain/risc-v embedded gcc/bin/../lib/gcc/riscv-none-embed/8.2.0/../../../../riscv-none-embed/lib/rv32imacxw/ilp32\libg_nano.a(lib_a-nano-vfprintf.o)
                0x000000000000155e                __sfputs_r
 .text._vfprintf_r
                0x000000000000159e      0x284 d:/tools/mounriverstudio/mounriver_studio/toolchain/risc-v embedded gcc/bin/../lib/gcc/riscv-none-embed/8.2.0/../../../../riscv-none-embed/lib/rv32imacxw/ilp32\libg_nano.a(lib_a-nano-vfprintf.o)
                0x000000000000159e                _vfprintf_r
                0x000000000000159e                _vfiprintf_r
 .text._printf_common
                0x0000000000001822      0x10c d:/tools/mounriverstudio/mounriver_studio/toolchain/risc-v embedded gcc/bin/../lib/gcc/riscv-none-embed/8.2.0/../../../../riscv-none-embed/lib/rv32imacxw/ilp32\libg_nano.a(lib_a-nano-vfprintf_i.o)
                0x0000000000001822                _printf_common
 .text._printf_i
                0x000000000000192e      0x2a0 d:/tools/mounriverstudio/mounriver_studio/toolchain/risc-v embedded gcc/bin/../lib/gcc/riscv-none-embed/8.2.0/../../../../riscv-none-embed/lib/rv32imacxw/ilp32\libg_nano.a(lib_a-nano-vfprintf_i.o)
                0x000000000000192e                _printf_i
 .text._sbrk_r  0x0000000000001bce       0x2a d:/tools/mounriverstudio/mounriver_studio/toolchain/risc-v embedded gcc/bin/../lib/gcc/riscv-none-embed/8.2.0/../../../../riscv-none-embed/lib/rv32imacxw/ilp32\libg_nano.a(lib_a-sbrkr.o)
                0x0000000000001bce                _sbrk_r
 .text.__sread  0x0000000000001bf8       0x2c d:/tools/mounriverstudio/mounriver_studio/toolchain/risc-v embedded gcc/bin/../lib/gcc/riscv-none-embed/8.2.0/../../../../riscv-none-embed/lib/rv32imacxw/ilp32\libg_nano.a(lib_a-stdio.o)
                0x0000000000001bf8                __sread
 .text.__swrite
                0x0000000000001c24       0x48 d:/tools/mounriverstudio/mounriver_studio/toolchain/risc-v embedded gcc/bin/../lib/gcc/riscv-none-embed/8.2.0/../../../../riscv-none-embed/lib/rv32imacxw/ilp32\libg_nano.a(lib_a-stdio.o)
                0x0000000000001c24                __swrite
 .text.__sseek  0x0000000000001c6c       0x30 d:/tools/mounriverstudio/mounriver_studio/toolchain/risc-v embedded gcc/bin/../lib/gcc/riscv-none-embed/8.2.0/../../../../riscv-none-embed/lib/rv32imacxw/ilp32\libg_nano.a(lib_a-stdio.o)
                0x0000000000001c6c                __sseek
 .text.__sclose
                0x0000000000001c9c        0x6 d:/tools/mounriverstudio/mounriver_studio/toolchain/risc-v embedded gcc/bin/../lib/gcc/riscv-none-embed/8.2.0/../../../../riscv-none-embed/lib/rv32imacxw/ilp32\libg_nano.a(lib_a-stdio.o)
                0x0000000000001c9c                __sclose
 .text._write_r
                0x0000000000001ca2       0x2e d:/tools/mounriverstudio/mounriver_studio/toolchain/risc-v embedded gcc/bin/../lib/gcc/riscv-none-embed/8.2.0/../../../../riscv-none-embed/lib/rv32imacxw/ilp32\libg_nano.a(lib_a-writer.o)
                0x0000000000001ca2                _write_r
 .text._close_r
                0x0000000000001cd0       0x28 d:/tools/mounriverstudio/mounriver_studio/toolchain/risc-v embedded gcc/bin/../lib/gcc/riscv-none-embed/8.2.0/../../../../riscv-none-embed/lib/rv32imacxw/ilp32\libg_nano.a(lib_a-closer.o)
                0x0000000000001cd0                _close_r
 .text._fstat_r
                0x0000000000001cf8       0x2a d:/tools/mounriverstudio/mounriver_studio/toolchain/risc-v embedded gcc/bin/../lib/gcc/riscv-none-embed/8.2.0/../../../../riscv-none-embed/lib/rv32imacxw/ilp32\libg_nano.a(lib_a-fstatr.o)
                0x0000000000001cf8                _fstat_r
 .text._isatty_r
                0x0000000000001d22       0x28 d:/tools/mounriverstudio/mounriver_studio/toolchain/risc-v embedded gcc/bin/../lib/gcc/riscv-none-embed/8.2.0/../../../../riscv-none-embed/lib/rv32imacxw/ilp32\libg_nano.a(lib_a-isattyr.o)
                0x0000000000001d22                _isatty_r
 .text._lseek_r
                0x0000000000001d4a       0x2c d:/tools/mounriverstudio/mounriver_studio/toolchain/risc-v embedded gcc/bin/../lib/gcc/riscv-none-embed/8.2.0/../../../../riscv-none-embed/lib/rv32imacxw/ilp32\libg_nano.a(lib_a-lseekr.o)
                0x0000000000001d4a                _lseek_r
 .text.memchr   0x0000000000001d76       0x18 d:/tools/mounriverstudio/mounriver_studio/toolchain/risc-v embedded gcc/bin/../lib/gcc/riscv-none-embed/8.2.0/../../../../riscv-none-embed/lib/rv32imacxw/ilp32\libg_nano.a(lib_a-memchr.o)
                0x0000000000001d76                memchr
 .text.__malloc_lock
                0x0000000000001d8e        0x2 d:/tools/mounriverstudio/mounriver_studio/toolchain/risc-v embedded gcc/bin/../lib/gcc/riscv-none-embed/8.2.0/../../../../riscv-none-embed/lib/rv32imacxw/ilp32\libg_nano.a(lib_a-mlock.o)
                0x0000000000001d8e                __malloc_lock
 .text.__malloc_unlock
                0x0000000000001d90        0x2 d:/tools/mounriverstudio/mounriver_studio/toolchain/risc-v embedded gcc/bin/../lib/gcc/riscv-none-embed/8.2.0/../../../../riscv-none-embed/lib/rv32imacxw/ilp32\libg_nano.a(lib_a-mlock.o)
                0x0000000000001d90                __malloc_unlock
 .text._read_r  0x0000000000001d92       0x2c d:/tools/mounriverstudio/mounriver_studio/toolchain/risc-v embedded gcc/bin/../lib/gcc/riscv-none-embed/8.2.0/../../../../riscv-none-embed/lib/rv32imacxw/ilp32\libg_nano.a(lib_a-readr.o)
                0x0000000000001d92                _read_r
 .text._close   0x0000000000001dbe        0xc d:/tools/mounriverstudio/mounriver_studio/toolchain/risc-v embedded gcc/bin/../lib/gcc/riscv-none-embed/8.2.0/../../../../riscv-none-embed/lib/rv32imacxw/ilp32\libnosys.a(close.o)
                0x0000000000001dbe                _close
 .text._fstat   0x0000000000001dca        0xc d:/tools/mounriverstudio/mounriver_studio/toolchain/risc-v embedded gcc/bin/../lib/gcc/riscv-none-embed/8.2.0/../../../../riscv-none-embed/lib/rv32imacxw/ilp32\libnosys.a(fstat.o)
                0x0000000000001dca                _fstat
 .text._isatty  0x0000000000001dd6        0xc d:/tools/mounriverstudio/mounriver_studio/toolchain/risc-v embedded gcc/bin/../lib/gcc/riscv-none-embed/8.2.0/../../../../riscv-none-embed/lib/rv32imacxw/ilp32\libnosys.a(isatty.o)
                0x0000000000001dd6                _isatty
 .text._lseek   0x0000000000001de2        0xc d:/tools/mounriverstudio/mounriver_studio/toolchain/risc-v embedded gcc/bin/../lib/gcc/riscv-none-embed/8.2.0/../../../../riscv-none-embed/lib/rv32imacxw/ilp32\libnosys.a(lseek.o)
                0x0000000000001de2                _lseek
 .text._read    0x0000000000001dee        0xc d:/tools/mounriverstudio/mounriver_studio/toolchain/risc-v embedded gcc/bin/../lib/gcc/riscv-none-embed/8.2.0/../../../../riscv-none-embed/lib/rv32imacxw/ilp32\libnosys.a(read.o)
                0x0000000000001dee                _read
 *(.rodata)
 *(.rodata*)
 *fill*         0x0000000000001dfa        0x2 
 .rodata.main.str1.4
                0x0000000000001dfc       0x70 ./User/main.o
 .rodata.__sf_fake_stderr
                0x0000000000001e6c       0x20 d:/tools/mounriverstudio/mounriver_studio/toolchain/risc-v embedded gcc/bin/../lib/gcc/riscv-none-embed/8.2.0/../../../../riscv-none-embed/lib/rv32imacxw/ilp32\libg_nano.a(lib_a-findfp.o)
                0x0000000000001e6c                __sf_fake_stderr
 .rodata.__sf_fake_stdin
                0x0000000000001e8c       0x20 d:/tools/mounriverstudio/mounriver_studio/toolchain/risc-v embedded gcc/bin/../lib/gcc/riscv-none-embed/8.2.0/../../../../riscv-none-embed/lib/rv32imacxw/ilp32\libg_nano.a(lib_a-findfp.o)
                0x0000000000001e8c                __sf_fake_stdin
 .rodata.__sf_fake_stdout
                0x0000000000001eac       0x20 d:/tools/mounriverstudio/mounriver_studio/toolchain/risc-v embedded gcc/bin/../lib/gcc/riscv-none-embed/8.2.0/../../../../riscv-none-embed/lib/rv32imacxw/ilp32\libg_nano.a(lib_a-findfp.o)
                0x0000000000001eac                __sf_fake_stdout
 .rodata._vfprintf_r.str1.4
                0x0000000000001ecc       0x13 d:/tools/mounriverstudio/mounriver_studio/toolchain/risc-v embedded gcc/bin/../lib/gcc/riscv-none-embed/8.2.0/../../../../riscv-none-embed/lib/rv32imacxw/ilp32\libg_nano.a(lib_a-nano-vfprintf.o)
 *fill*         0x0000000000001edf        0x1 
 .rodata._printf_i.str1.4
                0x0000000000001ee0       0x28 d:/tools/mounriverstudio/mounriver_studio/toolchain/risc-v embedded gcc/bin/../lib/gcc/riscv-none-embed/8.2.0/../../../../riscv-none-embed/lib/rv32imacxw/ilp32\libg_nano.a(lib_a-nano-vfprintf_i.o)
                                         0x25 (size before relaxing)
 *(.gnu.linkonce.t.*)
                0x0000000000001f08                . = ALIGN (0x4)

.rela.dyn       0x0000000000001f08        0x0
 .rela.init     0x0000000000001f08        0x0 ./User/ch32v30x_it.o
 .rela.vector   0x0000000000001f08        0x0 ./User/ch32v30x_it.o
 .rela.text.handle_reset
                0x0000000000001f08        0x0 ./User/ch32v30x_it.o
 .rela.text._sbrk
                0x0000000000001f08        0x0 ./User/ch32v30x_it.o
 .rela.sdata.curbrk.5218
                0x0000000000001f08        0x0 ./User/ch32v30x_it.o
 .rela.text._vfprintf_r
                0x0000000000001f08        0x0 ./User/ch32v30x_it.o
 .rela.text._sbrk_r
                0x0000000000001f08        0x0 ./User/ch32v30x_it.o
 .rela.text._write_r
                0x0000000000001f08        0x0 ./User/ch32v30x_it.o
 .rela.text._close_r
                0x0000000000001f08        0x0 ./User/ch32v30x_it.o
 .rela.text._fstat_r
                0x0000000000001f08        0x0 ./User/ch32v30x_it.o
 .rela.text._isatty_r
                0x0000000000001f08        0x0 ./User/ch32v30x_it.o
 .rela.text._lseek_r
                0x0000000000001f08        0x0 ./User/ch32v30x_it.o
 .rela.text._read_r
                0x0000000000001f08        0x0 ./User/ch32v30x_it.o
 .rela.text._close
                0x0000000000001f08        0x0 ./User/ch32v30x_it.o
 .rela.text._fstat
                0x0000000000001f08        0x0 ./User/ch32v30x_it.o
 .rela.text._isatty
                0x0000000000001f08        0x0 ./User/ch32v30x_it.o
 .rela.text._lseek
                0x0000000000001f08        0x0 ./User/ch32v30x_it.o
 .rela.text._read
                0x0000000000001f08        0x0 ./User/ch32v30x_it.o

.fini           0x0000000000001f08        0x0
 *(SORT_NONE(.fini))
                0x0000000000001f08                . = ALIGN (0x4)
                [!provide]                        PROVIDE (_etext = .)
                [!provide]                        PROVIDE (_eitcm = .)

.preinit_array  0x0000000000001f08        0x0
                [!provide]                        PROVIDE (__preinit_array_start = .)
 *(.preinit_array)
                [!provide]                        PROVIDE (__preinit_array_end = .)

.init_array     0x0000000000001f08        0x0
                [!provide]                        PROVIDE (__init_array_start = .)
 *(SORT_BY_INIT_PRIORITY(.init_array.*) SORT_BY_INIT_PRIORITY(.ctors.*))
 *(.init_array EXCLUDE_FILE(*crtend?.o *crtend.o *crtbegin?.o *crtbegin.o) .ctors)
                [!provide]                        PROVIDE (__init_array_end = .)

.fini_array     0x0000000000001f08        0x0
                [!provide]                        PROVIDE (__fini_array_start = .)
 *(SORT_BY_INIT_PRIORITY(.fini_array.*) SORT_BY_INIT_PRIORITY(.dtors.*))
 *(.fini_array EXCLUDE_FILE(*crtend?.o *crtend.o *crtbegin?.o *crtbegin.o) .dtors)
                [!provide]                        PROVIDE (__fini_array_end = .)

.ctors
 *crtbegin.o(.ctors)
 *crtbegin?.o(.ctors)
 *(EXCLUDE_FILE(*crtend?.o *crtend.o) .ctors)
 *(SORT_BY_NAME(.ctors.*))
 *(.ctors)

.dtors
 *crtbegin.o(.dtors)
 *crtbegin?.o(.dtors)
 *(EXCLUDE_FILE(*crtend?.o *crtend.o) .dtors)
 *(SORT_BY_NAME(.dtors.*))
 *(.dtors)

.dalign         0x0000000020000000        0x0 load address 0x0000000000001f08
                0x0000000020000000                . = ALIGN (0x4)
                0x0000000020000000                PROVIDE (_data_vma = .)

.dlalign        0x0000000000001f08        0x0
                0x0000000000001f08                . = ALIGN (0x4)
                0x0000000000001f08                PROVIDE (_data_lma = .)

.data           0x0000000020000000       0xc8 load address 0x0000000000001f08
 *(.gnu.linkonce.r.*)
 *(.data .data.*)
 .data.TxBuffer
                0x0000000020000000       0x2d ./User/main.o
                0x0000000020000000                TxBuffer
 *fill*         0x000000002000002d        0x3 
 .data.AHBPrescTable
                0x0000000020000030       0x10 ./User/system_ch32v30x.o
                0x0000000020000030                AHBPrescTable
 .data.APBAHBPrescTable
                0x0000000020000040       0x10 ./Peripheral/src/ch32v30x_rcc.o
 .data.impure_data
                0x0000000020000050       0x60 d:/tools/mounriverstudio/mounriver_studio/toolchain/risc-v embedded gcc/bin/../lib/gcc/riscv-none-embed/8.2.0/../../../../riscv-none-embed/lib/rv32imacxw/ilp32\libg_nano.a(lib_a-impure.o)
 *(.gnu.linkonce.d.*)
                0x00000000200000b0                . = ALIGN (0x8)
                0x00000000200008b0                PROVIDE (__global_pointer$ = (. + 0x800))
 *(.sdata .sdata.*)
 .sdata.SystemCoreClock
                0x00000000200000b0        0x4 ./User/system_ch32v30x.o
                0x00000000200000b0                SystemCoreClock
 .sdata.ADCPrescTable
                0x00000000200000b4        0x4 ./Peripheral/src/ch32v30x_rcc.o
 .sdata.curbrk.5218
                0x00000000200000b8        0x4 ./Debug/debug.o
 .sdata._impure_ptr
                0x00000000200000bc        0x4 d:/tools/mounriverstudio/mounriver_studio/toolchain/risc-v embedded gcc/bin/../lib/gcc/riscv-none-embed/8.2.0/../../../../riscv-none-embed/lib/rv32imacxw/ilp32\libg_nano.a(lib_a-impure.o)
                0x00000000200000bc                _impure_ptr
 *(.sdata2.*)
 .sdata2._global_impure_ptr
                0x00000000200000c0        0x4 d:/tools/mounriverstudio/mounriver_studio/toolchain/risc-v embedded gcc/bin/../lib/gcc/riscv-none-embed/8.2.0/../../../../riscv-none-embed/lib/rv32imacxw/ilp32\libg_nano.a(lib_a-impure.o)
                0x00000000200000c0                _global_impure_ptr
 *(.gnu.linkonce.s.*)
                0x00000000200000c8                . = ALIGN (0x8)
 *fill*         0x00000000200000c4        0x4 
 *(.srodata.cst16)
 *(.srodata.cst8)
 *(.srodata.cst4)
 *(.srodata.cst2)
 *(.srodata .srodata.*)
                0x00000000200000c8                . = ALIGN (0x4)
                0x00000000200000c8                PROVIDE (_edata = .)

.bss            0x00000000200000c8       0x50 load address 0x0000000000001fd0
                0x00000000200000c8                . = ALIGN (0x4)
                0x00000000200000c8                PROVIDE (_sbss = .)
 *(.sbss*)
 .sbss.RxCnt    0x00000000200000c8        0x1 ./User/main.o
                0x00000000200000c8                RxCnt
 *fill*         0x00000000200000c9        0x3 
 .sbss.TransferStatus
                0x00000000200000cc        0x4 ./User/main.o
                0x00000000200000cc                TransferStatus
 .sbss.TxCnt    0x00000000200000d0        0x1 ./User/main.o
                0x00000000200000d0                TxCnt
 *fill*         0x00000000200000d1        0x3 
 .sbss.NVIC_Priority_Group
                0x00000000200000d4        0x4 ./Peripheral/src/ch32v30x_misc.o
                0x00000000200000d4                NVIC_Priority_Group
 .sbss.p_ms     0x00000000200000d8        0x2 ./Debug/debug.o
 .sbss.p_us     0x00000000200000da        0x1 ./Debug/debug.o
 *fill*         0x00000000200000db        0x1 
 .sbss.__malloc_free_list
                0x00000000200000dc        0x4 d:/tools/mounriverstudio/mounriver_studio/toolchain/risc-v embedded gcc/bin/../lib/gcc/riscv-none-embed/8.2.0/../../../../riscv-none-embed/lib/rv32imacxw/ilp32\libg_nano.a(lib_a-nano-mallocr.o)
                0x00000000200000dc                __malloc_free_list
 .sbss.__malloc_sbrk_start
                0x00000000200000e0        0x4 d:/tools/mounriverstudio/mounriver_studio/toolchain/risc-v embedded gcc/bin/../lib/gcc/riscv-none-embed/8.2.0/../../../../riscv-none-embed/lib/rv32imacxw/ilp32\libg_nano.a(lib_a-nano-mallocr.o)
                0x00000000200000e0                __malloc_sbrk_start
 *(.gnu.linkonce.sb.*)
 *(.bss*)
 .bss.RxBuffer  0x00000000200000e4       0x2d ./User/main.o
                0x00000000200000e4                RxBuffer
 *(.gnu.linkonce.b.*)
 *(COMMON*)
 *fill*         0x0000000020000111        0x3 
 COMMON         0x0000000020000114        0x4 d:/tools/mounriverstudio/mounriver_studio/toolchain/risc-v embedded gcc/bin/../lib/gcc/riscv-none-embed/8.2.0/../../../../riscv-none-embed/lib/rv32imacxw/ilp32\libg_nano.a(lib_a-reent.o)
                0x0000000020000114                errno
                0x0000000020000118                . = ALIGN (0x4)
                0x0000000020000118                PROVIDE (_ebss = .)
                0x0000000020000118                PROVIDE (_end = _ebss)
                [!provide]                        PROVIDE (end = .)

.stack          0x0000000020007800      0x800
                0x0000000020007800                PROVIDE (_heap_end = .)
                0x0000000020007800                . = ALIGN (0x4)
                [!provide]                        PROVIDE (_susrstack = .)
                0x0000000020008000                . = (. + __stack_size)
 *fill*         0x0000000020007800      0x800 
                0x0000000020008000                PROVIDE (_eusrstack = .)
OUTPUT(UART.elf elf32-littleriscv)

.debug_info     0x0000000000000000     0x8d78
 .debug_info    0x0000000000000000      0x99f ./User/ch32v30x_it.o
 .debug_info    0x000000000000099f     0x14eb ./User/main.o
 .debug_info    0x0000000000001e8a      0xb89 ./User/system_ch32v30x.o
 .debug_info    0x0000000000002a13       0x22 ./Startup/startup_ch32v30x_D8C.o
 .debug_info    0x0000000000002a35      0xa94 ./Peripheral/src/ch32v30x_dbgmcu.o
 .debug_info    0x00000000000034c9     0x1093 ./Peripheral/src/ch32v30x_gpio.o
 .debug_info    0x000000000000455c      0xf72 ./Peripheral/src/ch32v30x_misc.o
 .debug_info    0x00000000000054ce     0x156e ./Peripheral/src/ch32v30x_rcc.o
 .debug_info    0x0000000000006a3c     0x1420 ./Peripheral/src/ch32v30x_usart.o
 .debug_info    0x0000000000007e5c      0xf1c ./Debug/debug.o

.debug_abbrev   0x0000000000000000     0x1a31
 .debug_abbrev  0x0000000000000000      0x21d ./User/ch32v30x_it.o
 .debug_abbrev  0x000000000000021d      0x2eb ./User/main.o
 .debug_abbrev  0x0000000000000508      0x2c0 ./User/system_ch32v30x.o
 .debug_abbrev  0x00000000000007c8       0x12 ./Startup/startup_ch32v30x_D8C.o
 .debug_abbrev  0x00000000000007da      0x2f7 ./Peripheral/src/ch32v30x_dbgmcu.o
 .debug_abbrev  0x0000000000000ad1      0x309 ./Peripheral/src/ch32v30x_gpio.o
 .debug_abbrev  0x0000000000000dda      0x2fb ./Peripheral/src/ch32v30x_misc.o
 .debug_abbrev  0x00000000000010d5      0x351 ./Peripheral/src/ch32v30x_rcc.o
 .debug_abbrev  0x0000000000001426      0x312 ./Peripheral/src/ch32v30x_usart.o
 .debug_abbrev  0x0000000000001738      0x2f9 ./Debug/debug.o

.debug_aranges  0x0000000000000000      0x4c0
 .debug_aranges
                0x0000000000000000       0x28 ./User/ch32v30x_it.o
 .debug_aranges
                0x0000000000000028       0x38 ./User/main.o
 .debug_aranges
                0x0000000000000060       0x28 ./User/system_ch32v30x.o
 .debug_aranges
                0x0000000000000088       0x30 ./Startup/startup_ch32v30x_D8C.o
 .debug_aranges
                0x00000000000000b8       0x48 ./Peripheral/src/ch32v30x_dbgmcu.o
 .debug_aranges
                0x0000000000000100       0xa8 ./Peripheral/src/ch32v30x_gpio.o
 .debug_aranges
                0x00000000000001a8       0x28 ./Peripheral/src/ch32v30x_misc.o
 .debug_aranges
                0x00000000000001d0      0x1a8 ./Peripheral/src/ch32v30x_rcc.o
 .debug_aranges
                0x0000000000000378      0x100 ./Peripheral/src/ch32v30x_usart.o
 .debug_aranges
                0x0000000000000478       0x48 ./Debug/debug.o

.debug_ranges   0x0000000000000000      0x490
 .debug_ranges  0x0000000000000000       0x18 ./User/ch32v30x_it.o
 .debug_ranges  0x0000000000000018       0x28 ./User/main.o
 .debug_ranges  0x0000000000000040       0x38 ./User/system_ch32v30x.o
 .debug_ranges  0x0000000000000078       0x28 ./Startup/startup_ch32v30x_D8C.o
 .debug_ranges  0x00000000000000a0       0x50 ./Peripheral/src/ch32v30x_dbgmcu.o
 .debug_ranges  0x00000000000000f0       0x98 ./Peripheral/src/ch32v30x_gpio.o
 .debug_ranges  0x0000000000000188       0x48 ./Peripheral/src/ch32v30x_misc.o
 .debug_ranges  0x00000000000001d0      0x198 ./Peripheral/src/ch32v30x_rcc.o
 .debug_ranges  0x0000000000000368       0xf0 ./Peripheral/src/ch32v30x_usart.o
 .debug_ranges  0x0000000000000458       0x38 ./Debug/debug.o

.debug_line     0x0000000000000000     0x5be2
 .debug_line    0x0000000000000000      0x23b ./User/ch32v30x_it.o
 .debug_line    0x000000000000023b      0x92f ./User/main.o
 .debug_line    0x0000000000000b6a      0x739 ./User/system_ch32v30x.o
 .debug_line    0x00000000000012a3      0x356 ./Startup/startup_ch32v30x_D8C.o
 .debug_line    0x00000000000015f9      0x379 ./Peripheral/src/ch32v30x_dbgmcu.o
 .debug_line    0x0000000000001972      0xd54 ./Peripheral/src/ch32v30x_gpio.o
 .debug_line    0x00000000000026c6      0x4b7 ./Peripheral/src/ch32v30x_misc.o
 .debug_line    0x0000000000002b7d     0x196f ./Peripheral/src/ch32v30x_rcc.o
 .debug_line    0x00000000000044ec     0x100d ./Peripheral/src/ch32v30x_usart.o
 .debug_line    0x00000000000054f9      0x6e9 ./Debug/debug.o

.debug_str      0x0000000000000000     0x1e70
 .debug_str     0x0000000000000000      0x564 ./User/ch32v30x_it.o
                                        0x5ce (size before relaxing)
 .debug_str     0x0000000000000564      0xaac ./User/main.o
                                       0x1042 (size before relaxing)
 .debug_str     0x0000000000001010       0xf6 ./User/system_ch32v30x.o
                                        0x6b5 (size before relaxing)
 .debug_str     0x0000000000001106       0x2e ./Startup/startup_ch32v30x_D8C.o
                                         0x52 (size before relaxing)
 .debug_str     0x0000000000001134       0x87 ./Peripheral/src/ch32v30x_dbgmcu.o
                                        0x62e (size before relaxing)
 .debug_str     0x00000000000011bb      0x245 ./Peripheral/src/ch32v30x_gpio.o
                                        0x959 (size before relaxing)
 .debug_str     0x0000000000001400      0x109 ./Peripheral/src/ch32v30x_misc.o
                                        0xcb3 (size before relaxing)
 .debug_str     0x0000000000001509      0x5b4 ./Peripheral/src/ch32v30x_rcc.o
                                        0xcb2 (size before relaxing)
 .debug_str     0x0000000000001abd      0x33f ./Peripheral/src/ch32v30x_usart.o
                                        0xaff (size before relaxing)
 .debug_str     0x0000000000001dfc       0x74 ./Debug/debug.o
                                        0x8e7 (size before relaxing)

.comment        0x0000000000000000       0x33
 .comment       0x0000000000000000       0x33 ./User/ch32v30x_it.o
                                         0x34 (size before relaxing)
 .comment       0x0000000000000033       0x34 ./User/main.o
 .comment       0x0000000000000033       0x34 ./User/system_ch32v30x.o
 .comment       0x0000000000000033       0x34 ./Peripheral/src/ch32v30x_dbgmcu.o
 .comment       0x0000000000000033       0x34 ./Peripheral/src/ch32v30x_gpio.o
 .comment       0x0000000000000033       0x34 ./Peripheral/src/ch32v30x_misc.o
 .comment       0x0000000000000033       0x34 ./Peripheral/src/ch32v30x_rcc.o
 .comment       0x0000000000000033       0x34 ./Peripheral/src/ch32v30x_usart.o
 .comment       0x0000000000000033       0x34 ./Debug/debug.o

.debug_frame    0x0000000000000000     0x11f4
 .debug_frame   0x0000000000000000       0x40 ./User/ch32v30x_it.o
 .debug_frame   0x0000000000000040       0x98 ./User/main.o
 .debug_frame   0x00000000000000d8       0x3c ./User/system_ch32v30x.o
 .debug_frame   0x0000000000000114       0x70 ./Peripheral/src/ch32v30x_dbgmcu.o
 .debug_frame   0x0000000000000184      0x148 ./Peripheral/src/ch32v30x_gpio.o
 .debug_frame   0x00000000000002cc       0x30 ./Peripheral/src/ch32v30x_misc.o
 .debug_frame   0x00000000000002fc      0x344 ./Peripheral/src/ch32v30x_rcc.o
 .debug_frame   0x0000000000000640      0x204 ./Peripheral/src/ch32v30x_usart.o
 .debug_frame   0x0000000000000844       0x9c ./Debug/debug.o
 .debug_frame   0x00000000000008e0       0x54 d:/tools/mounriverstudio/mounriver_studio/toolchain/risc-v embedded gcc/bin/../lib/gcc/riscv-none-embed/8.2.0/../../../../riscv-none-embed/lib/rv32imacxw/ilp32\libg_nano.a(lib_a-printf.o)
 .debug_frame   0x0000000000000934       0x54 d:/tools/mounriverstudio/mounriver_studio/toolchain/risc-v embedded gcc/bin/../lib/gcc/riscv-none-embed/8.2.0/../../../../riscv-none-embed/lib/rv32imacxw/ilp32\libg_nano.a(lib_a-puts.o)
 .debug_frame   0x0000000000000988       0x50 d:/tools/mounriverstudio/mounriver_studio/toolchain/risc-v embedded gcc/bin/../lib/gcc/riscv-none-embed/8.2.0/../../../../riscv-none-embed/lib/rv32imacxw/ilp32\libg_nano.a(lib_a-wbuf.o)
 .debug_frame   0x00000000000009d8       0x3c d:/tools/mounriverstudio/mounriver_studio/toolchain/risc-v embedded gcc/bin/../lib/gcc/riscv-none-embed/8.2.0/../../../../riscv-none-embed/lib/rv32imacxw/ilp32\libg_nano.a(lib_a-wsetup.o)
 .debug_frame   0x0000000000000a14       0x7c d:/tools/mounriverstudio/mounriver_studio/toolchain/risc-v embedded gcc/bin/../lib/gcc/riscv-none-embed/8.2.0/../../../../riscv-none-embed/lib/rv32imacxw/ilp32\libg_nano.a(lib_a-fflush.o)
 .debug_frame   0x0000000000000a90      0x148 d:/tools/mounriverstudio/mounriver_studio/toolchain/risc-v embedded gcc/bin/../lib/gcc/riscv-none-embed/8.2.0/../../../../riscv-none-embed/lib/rv32imacxw/ilp32\libg_nano.a(lib_a-findfp.o)
 .debug_frame   0x0000000000000bd8       0x88 d:/tools/mounriverstudio/mounriver_studio/toolchain/risc-v embedded gcc/bin/../lib/gcc/riscv-none-embed/8.2.0/../../../../riscv-none-embed/lib/rv32imacxw/ilp32\libg_nano.a(lib_a-fwalk.o)
 .debug_frame   0x0000000000000c60       0x64 d:/tools/mounriverstudio/mounriver_studio/toolchain/risc-v embedded gcc/bin/../lib/gcc/riscv-none-embed/8.2.0/../../../../riscv-none-embed/lib/rv32imacxw/ilp32\libg_nano.a(lib_a-makebuf.o)
 .debug_frame   0x0000000000000cc4       0x40 d:/tools/mounriverstudio/mounriver_studio/toolchain/risc-v embedded gcc/bin/../lib/gcc/riscv-none-embed/8.2.0/../../../../riscv-none-embed/lib/rv32imacxw/ilp32\libg_nano.a(lib_a-nano-freer.o)
 .debug_frame   0x0000000000000d04       0x40 d:/tools/mounriverstudio/mounriver_studio/toolchain/risc-v embedded gcc/bin/../lib/gcc/riscv-none-embed/8.2.0/../../../../riscv-none-embed/lib/rv32imacxw/ilp32\libg_nano.a(lib_a-nano-mallocr.o)
 .debug_frame   0x0000000000000d44       0xd0 d:/tools/mounriverstudio/mounriver_studio/toolchain/risc-v embedded gcc/bin/../lib/gcc/riscv-none-embed/8.2.0/../../../../riscv-none-embed/lib/rv32imacxw/ilp32\libg_nano.a(lib_a-nano-vfprintf.o)
 .debug_frame   0x0000000000000e14       0x8c d:/tools/mounriverstudio/mounriver_studio/toolchain/risc-v embedded gcc/bin/../lib/gcc/riscv-none-embed/8.2.0/../../../../riscv-none-embed/lib/rv32imacxw/ilp32\libg_nano.a(lib_a-nano-vfprintf_i.o)
 .debug_frame   0x0000000000000ea0       0x30 d:/tools/mounriverstudio/mounriver_studio/toolchain/risc-v embedded gcc/bin/../lib/gcc/riscv-none-embed/8.2.0/../../../../riscv-none-embed/lib/rv32imacxw/ilp32\libg_nano.a(lib_a-sbrkr.o)
 .debug_frame   0x0000000000000ed0       0xa4 d:/tools/mounriverstudio/mounriver_studio/toolchain/risc-v embedded gcc/bin/../lib/gcc/riscv-none-embed/8.2.0/../../../../riscv-none-embed/lib/rv32imacxw/ilp32\libg_nano.a(lib_a-stdio.o)
 .debug_frame   0x0000000000000f74       0x30 d:/tools/mounriverstudio/mounriver_studio/toolchain/risc-v embedded gcc/bin/../lib/gcc/riscv-none-embed/8.2.0/../../../../riscv-none-embed/lib/rv32imacxw/ilp32\libg_nano.a(lib_a-writer.o)
 .debug_frame   0x0000000000000fa4       0x30 d:/tools/mounriverstudio/mounriver_studio/toolchain/risc-v embedded gcc/bin/../lib/gcc/riscv-none-embed/8.2.0/../../../../riscv-none-embed/lib/rv32imacxw/ilp32\libg_nano.a(lib_a-closer.o)
 .debug_frame   0x0000000000000fd4       0x30 d:/tools/mounriverstudio/mounriver_studio/toolchain/risc-v embedded gcc/bin/../lib/gcc/riscv-none-embed/8.2.0/../../../../riscv-none-embed/lib/rv32imacxw/ilp32\libg_nano.a(lib_a-fstatr.o)
 .debug_frame   0x0000000000001004       0x30 d:/tools/mounriverstudio/mounriver_studio/toolchain/risc-v embedded gcc/bin/../lib/gcc/riscv-none-embed/8.2.0/../../../../riscv-none-embed/lib/rv32imacxw/ilp32\libg_nano.a(lib_a-isattyr.o)
 .debug_frame   0x0000000000001034       0x30 d:/tools/mounriverstudio/mounriver_studio/toolchain/risc-v embedded gcc/bin/../lib/gcc/riscv-none-embed/8.2.0/../../../../riscv-none-embed/lib/rv32imacxw/ilp32\libg_nano.a(lib_a-lseekr.o)
 .debug_frame   0x0000000000001064       0x20 d:/tools/mounriverstudio/mounriver_studio/toolchain/risc-v embedded gcc/bin/../lib/gcc/riscv-none-embed/8.2.0/../../../../riscv-none-embed/lib/rv32imacxw/ilp32\libg_nano.a(lib_a-memchr.o)
 .debug_frame   0x0000000000001084       0x30 d:/tools/mounriverstudio/mounriver_studio/toolchain/risc-v embedded gcc/bin/../lib/gcc/riscv-none-embed/8.2.0/../../../../riscv-none-embed/lib/rv32imacxw/ilp32\libg_nano.a(lib_a-mlock.o)
 .debug_frame   0x00000000000010b4       0x30 d:/tools/mounriverstudio/mounriver_studio/toolchain/risc-v embedded gcc/bin/../lib/gcc/riscv-none-embed/8.2.0/../../../../riscv-none-embed/lib/rv32imacxw/ilp32\libg_nano.a(lib_a-readr.o)
 .debug_frame   0x00000000000010e4       0x70 d:/tools/mounriverstudio/mounriver_studio/toolchain/risc-v embedded gcc/bin/../lib/gcc/riscv-none-embed/8.2.0/../../../../riscv-none-embed/lib/rv32imacxw/ilp32\libg_nano.a(lib_a-reent.o)
 .debug_frame   0x0000000000001154       0x20 d:/tools/mounriverstudio/mounriver_studio/toolchain/risc-v embedded gcc/bin/../lib/gcc/riscv-none-embed/8.2.0/../../../../riscv-none-embed/lib/rv32imacxw/ilp32\libnosys.a(close.o)
 .debug_frame   0x0000000000001174       0x20 d:/tools/mounriverstudio/mounriver_studio/toolchain/risc-v embedded gcc/bin/../lib/gcc/riscv-none-embed/8.2.0/../../../../riscv-none-embed/lib/rv32imacxw/ilp32\libnosys.a(fstat.o)
 .debug_frame   0x0000000000001194       0x20 d:/tools/mounriverstudio/mounriver_studio/toolchain/risc-v embedded gcc/bin/../lib/gcc/riscv-none-embed/8.2.0/../../../../riscv-none-embed/lib/rv32imacxw/ilp32\libnosys.a(isatty.o)
 .debug_frame   0x00000000000011b4       0x20 d:/tools/mounriverstudio/mounriver_studio/toolchain/risc-v embedded gcc/bin/../lib/gcc/riscv-none-embed/8.2.0/../../../../riscv-none-embed/lib/rv32imacxw/ilp32\libnosys.a(lseek.o)
 .debug_frame   0x00000000000011d4       0x20 d:/tools/mounriverstudio/mounriver_studio/toolchain/risc-v embedded gcc/bin/../lib/gcc/riscv-none-embed/8.2.0/../../../../riscv-none-embed/lib/rv32imacxw/ilp32\libnosys.a(read.o)

.debug_loc      0x0000000000000000     0x1d4a
 .debug_loc     0x0000000000000000       0xc2 ./User/main.o
 .debug_loc     0x00000000000000c2       0xda ./User/system_ch32v30x.o
 .debug_loc     0x000000000000019c       0x7c ./Peripheral/src/ch32v30x_dbgmcu.o
 .debug_loc     0x0000000000000218      0x657 ./Peripheral/src/ch32v30x_gpio.o
 .debug_loc     0x000000000000086f       0xce ./Peripheral/src/ch32v30x_misc.o
 .debug_loc     0x000000000000093d      0xadb ./Peripheral/src/ch32v30x_rcc.o
 .debug_loc     0x0000000000001418      0x7bb ./Peripheral/src/ch32v30x_usart.o
 .debug_loc     0x0000000000001bd3      0x177 ./Debug/debug.o

.stab           0x0000000000000000       0x84
 .stab          0x0000000000000000       0x24 d:/tools/mounriverstudio/mounriver_studio/toolchain/risc-v embedded gcc/bin/../lib/gcc/riscv-none-embed/8.2.0/../../../../riscv-none-embed/lib/rv32imacxw/ilp32\libnosys.a(close.o)
 .stab          0x0000000000000024       0x18 d:/tools/mounriverstudio/mounriver_studio/toolchain/risc-v embedded gcc/bin/../lib/gcc/riscv-none-embed/8.2.0/../../../../riscv-none-embed/lib/rv32imacxw/ilp32\libnosys.a(fstat.o)
                                         0x24 (size before relaxing)
 .stab          0x000000000000003c       0x18 d:/tools/mounriverstudio/mounriver_studio/toolchain/risc-v embedded gcc/bin/../lib/gcc/riscv-none-embed/8.2.0/../../../../riscv-none-embed/lib/rv32imacxw/ilp32\libnosys.a(isatty.o)
                                         0x24 (size before relaxing)
 .stab          0x0000000000000054       0x18 d:/tools/mounriverstudio/mounriver_studio/toolchain/risc-v embedded gcc/bin/../lib/gcc/riscv-none-embed/8.2.0/../../../../riscv-none-embed/lib/rv32imacxw/ilp32\libnosys.a(lseek.o)
                                         0x24 (size before relaxing)
 .stab          0x000000000000006c       0x18 d:/tools/mounriverstudio/mounriver_studio/toolchain/risc-v embedded gcc/bin/../lib/gcc/riscv-none-embed/8.2.0/../../../../riscv-none-embed/lib/rv32imacxw/ilp32\libnosys.a(read.o)
                                         0x24 (size before relaxing)

.stabstr        0x0000000000000000      0x117
 .stabstr       0x0000000000000000      0x117 d:/tools/mounriverstudio/mounriver_studio/toolchain/risc-v embedded gcc/bin/../lib/gcc/riscv-none-embed/8.2.0/../../../../riscv-none-embed/lib/rv32imacxw/ilp32\libnosys.a(close.o)
